[    0.000000] Linux version 4.15.0-202-generic (buildd@lcy02-amd64-115) (gcc version 7.5.0 (Ubuntu 7.5.0-3ubuntu1~18.04)) #213-Ubuntu SMP Thu Jan 5 19:19:12 UTC 2023 (Ubuntu 4.15.0-202.213-generic 4.15.18)
[    0.000000] Command line: BOOT_IMAGE=/boot/vmlinuz-4.15.0-202-generic root=LABEL=cloudimg-rootfs ro console=tty1 console=ttyS0
[    0.000000] KERNEL supported cpus:
[    0.000000]   Intel GenuineIntel
[    0.000000]   AMD AuthenticAMD
[    0.000000]   Centaur CentaurHauls
[    0.000000] x86/fpu: x87 FPU will use FXSAVE
[    0.000000] e820: BIOS-provided physical RAM map:
[    0.000000] BIOS-e820: [mem 0x0000000000000000-0x000000000009fbff] usable
[    0.000000] BIOS-e820: [mem 0x000000000009fc00-0x000000000009ffff] reserved
[    0.000000] BIOS-e820: [mem 0x00000000000f0000-0x00000000000fffff] reserved
[    0.000000] BIOS-e820: [mem 0x0000000000100000-0x000000003ffeffff] usable
[    0.000000] BIOS-e820: [mem 0x000000003fff0000-0x000000003fffffff] ACPI data
[    0.000000] BIOS-e820: [mem 0x00000000fec00000-0x00000000fec00fff] reserved
[    0.000000] BIOS-e820: [mem 0x00000000fee00000-0x00000000fee00fff] reserved
[    0.000000] BIOS-e820: [mem 0x00000000fffc0000-0x00000000ffffffff] reserved
[    0.000000] NX (Execute Disable) protection: active
[    0.000000] SMBIOS 2.5 present.
[    0.000000] DMI: innotek GmbH VirtualBox/VirtualBox, BIOS VirtualBox 12/01/2006
[    0.000000] Hypervisor detected: KVM
[    0.000000] e820: last_pfn = 0x3fff0 max_arch_pfn = 0x400000000
[    0.000000] MTRR: Disabled
[    0.000000] x86/PAT: MTRRs disabled, skipping PAT initialization too.
[    0.000000] CPU MTRRs all blank - virtualized system.
[    0.000000] x86/PAT: Configuration [0-7]: WB  WT  UC- UC  WB  WT  UC- UC  
[    0.000000] found SMP MP-table at [mem 0x0009fff0-0x0009ffff]
[    0.000000] Scanning 1 areas for low memory corruption
[    0.000000] RAMDISK: [mem 0x359c9000-0x36cdbfff]
[    0.000000] ACPI: Early table checksum verification disabled
[    0.000000] ACPI: RSDP 0x00000000000E0000 000024 (v02 VBOX  )
[    0.000000] ACPI: XSDT 0x000000003FFF0030 00003C (v01 VBOX   VBOXXSDT 00000001 ASL  00000061)
[    0.000000] ACPI: FACP 0x000000003FFF00F0 0000F4 (v04 VBOX   VBOXFACP 00000001 ASL  00000061)
[    0.000000] ACPI: DSDT 0x000000003FFF0470 002325 (v02 VBOX   VBOXBIOS 00000002 INTL 20100528)
[    0.000000] ACPI: FACS 0x000000003FFF0200 000040
[    0.000000] ACPI: FACS 0x000000003FFF0200 000040
[    0.000000] ACPI: APIC 0x000000003FFF0240 00005C (v02 VBOX   VBOXAPIC 00000001 ASL  00000061)
[    0.000000] ACPI: SSDT 0x000000003FFF02A0 0001CC (v01 VBOX   VBOXCPUT 00000002 INTL 20100528)
[    0.000000] ACPI: Reserving FACP table memory at [mem 0x3fff00f0-0x3fff01e3]
[    0.000000] ACPI: Reserving DSDT table memory at [mem 0x3fff0470-0x3fff2794]
[    0.000000] ACPI: Reserving FACS table memory at [mem 0x3fff0200-0x3fff023f]
[    0.000000] ACPI: Reserving FACS table memory at [mem 0x3fff0200-0x3fff023f]
[    0.000000] ACPI: Reserving APIC table memory at [mem 0x3fff0240-0x3fff029b]
[    0.000000] ACPI: Reserving SSDT table memory at [mem 0x3fff02a0-0x3fff046b]
[    0.000000] No NUMA configuration found
[    0.000000] Faking a node at [mem 0x0000000000000000-0x000000003ffeffff]
[    0.000000] NODE_DATA(0) allocated [mem 0x3ffc5000-0x3ffeffff]
[    0.000000] kvm-clock: cpu 0, msr 0:3ff44001, primary cpu clock
[    0.000000] kvm-clock: Using msrs 4b564d01 and 4b564d00
[    0.000000] kvm-clock: using sched offset of 3861737031 cycles
[    0.000000] clocksource: kvm-clock: mask: 0xffffffffffffffff max_cycles: 0x1cd42e4dffb, max_idle_ns: 881590591483 ns
[    0.000000] Zone ranges:
[    0.000000]   DMA      [mem 0x0000000000001000-0x0000000000ffffff]
[    0.000000]   DMA32    [mem 0x0000000001000000-0x000000003ffeffff]
[    0.000000]   Normal   empty
[    0.000000]   Device   empty
[    0.000000] Movable zone start for each node
[    0.000000] Early memory node ranges
[    0.000000]   node   0: [mem 0x0000000000001000-0x000000000009efff]
[    0.000000]   node   0: [mem 0x0000000000100000-0x000000003ffeffff]
[    0.000000] Reserved but unavailable: 104 pages
[    0.000000] Initmem setup node 0 [mem 0x0000000000001000-0x000000003ffeffff]
[    0.000000] ACPI: PM-Timer IO Port: 0x4008
[    0.000000] IOAPIC[0]: apic_id 2, version 32, address 0xfec00000, GSI 0-23
[    0.000000] ACPI: INT_SRC_OVR (bus 0 bus_irq 0 global_irq 2 dfl dfl)
[    0.000000] ACPI: INT_SRC_OVR (bus 0 bus_irq 9 global_irq 9 low level)
[    0.000000] Using ACPI (MADT) for SMP configuration information
[    0.000000] smpboot: Allowing 2 CPUs, 0 hotplug CPUs
[    0.000000] PM: Registered nosave memory: [mem 0x00000000-0x00000fff]
[    0.000000] PM: Registered nosave memory: [mem 0x0009f000-0x0009ffff]
[    0.000000] PM: Registered nosave memory: [mem 0x000a0000-0x000effff]
[    0.000000] PM: Registered nosave memory: [mem 0x000f0000-0x000fffff]
[    0.000000] e820: [mem 0x40000000-0xfebfffff] available for PCI devices
[    0.000000] Booting paravirtualized kernel on KVM
[    0.000000] clocksource: refined-jiffies: mask: 0xffffffff max_cycles: 0xffffffff, max_idle_ns: 7645519600211568 ns
[    0.000000] setup_percpu: NR_CPUS:8192 nr_cpumask_bits:2 nr_cpu_ids:2 nr_node_ids:1
[    0.000000] percpu: Embedded 50 pages/cpu s167936 r8192 d28672 u1048576
[    0.000000] PV qspinlock hash table entries: 256 (order: 0, 4096 bytes)
[    0.000000] Built 1 zonelists, mobility grouping on.  Total pages: 257913
[    0.000000] Policy zone: DMA32
[    0.000000] Kernel command line: BOOT_IMAGE=/boot/vmlinuz-4.15.0-202-generic root=LABEL=cloudimg-rootfs ro console=tty1 console=ttyS0
[    0.000000] Memory: 982648K/1048120K available (12300K kernel code, 2477K rwdata, 4320K rodata, 2472K init, 2720K bss, 65472K reserved, 0K cma-reserved)
[    0.000000] SLUB: HWalign=64, Order=0-3, MinObjects=0, CPUs=2, Nodes=1
[    0.000000] ftrace: allocating 39478 entries in 155 pages
[    0.004000] Hierarchical RCU implementation.
[    0.004000] 	RCU restricting CPUs from NR_CPUS=8192 to nr_cpu_ids=2.
[    0.004000] 	Tasks RCU enabled.
[    0.004000] RCU: Adjusting geometry for rcu_fanout_leaf=16, nr_cpu_ids=2
[    0.004000] NR_IRQS: 524544, nr_irqs: 440, preallocated irqs: 16
[    0.004000] Console: colour VGA+ 80x25
[    0.004000] console [tty1] enabled
[    0.004000] console [ttyS0] enabled
[    0.004000] ACPI: Core revision 20170831
[    0.004000] ACPI: 2 ACPI AML tables successfully acquired and loaded
[    0.004000] APIC: Switch to symmetric I/O mode setup
[    0.004000] ..TIMER: vector=0x30 apic1=0 pin1=2 apic2=-1 pin2=-1
[    0.004000] tsc: Detected 2304.002 MHz processor
[    0.004000] Calibrating delay loop (skipped) preset value.. 4608.00 BogoMIPS (lpj=9216008)
[    0.004000] pid_max: default: 32768 minimum: 301
[    0.004000] Security Framework initialized
[    0.004000] Yama: becoming mindful.
[    0.004078] AppArmor: AppArmor initialized
[    0.010650] Dentry cache hash table entries: 131072 (order: 8, 1048576 bytes)
[    0.017144] Inode-cache hash table entries: 65536 (order: 7, 524288 bytes)
[    0.020060] Mount-cache hash table entries: 2048 (order: 2, 16384 bytes)
[    0.024096] Mountpoint-cache hash table entries: 2048 (order: 2, 16384 bytes)
[    0.029145] Last level iTLB entries: 4KB 0, 2MB 0, 4MB 0
[    0.032009] Last level dTLB entries: 4KB 0, 2MB 0, 4MB 0, 1GB 0
[    0.036009] Spectre V1 : Mitigation: usercopy/swapgs barriers and __user pointer sanitization
[    0.040010] Spectre V2 : Mitigation: Enhanced IBRS
[    0.044007] Spectre V2 : Spectre v2 / SpectreRSB mitigation: Filling RSB on context switch
[    0.048007] Speculative Store Bypass: Vulnerable
[    0.052168] Freeing SMP alternatives memory: 36K
[    0.181444] APIC calibration not consistent with PM-Timer: 109ms instead of 100ms
[    0.184000] APIC delta adjusted to PM-Timer: 6420778 (7039889)
[    0.184252] smpboot: CPU0: 11th Gen Intel(R) Core(TM) i7-11800H @ 2.30GHz (family: 0x6, model: 0x8d, stepping: 0x1)
[    0.188350] Performance Events: unsupported p6 CPU model 141 no PMU driver, software events only.
[    0.192096] Hierarchical SRCU implementation.
[    0.196768] NMI watchdog: Perf event create on CPU 0 failed with -2
[    0.200004] NMI watchdog: Perf NMI watchdog permanently disabled
[    0.204205] smp: Bringing up secondary CPUs ...
[    0.207330] x86: Booting SMP configuration:
[    0.208006] .... node  #0, CPUs:      #1
[    0.004000] kvm-clock: cpu 1, msr 0:3ff44041, secondary cpu clock
[    0.219198] TSC synchronization [CPU#0 -> CPU#1]:
[    0.220000] Measured 59984 cycles TSC warp between CPUs, turning off TSC clock.
[    0.220000] tsc: Marking TSC unstable due to check_tsc_sync_source failed
[    0.220078] smp: Brought up 1 node, 2 CPUs
[    0.224006] smpboot: Max logical packages: 1
[    0.228014] smpboot: Total of 2 processors activated (9216.00 BogoMIPS)
[    0.232442] devtmpfs: initialized
[    0.236085] x86/mm: Memory block size: 128MB
[    0.238770] evm: security.selinux
[    0.240004] evm: security.SMACK64
[    0.241901] evm: security.SMACK64EXEC
[    0.243962] evm: security.SMACK64TRANSMUTE
[    0.244005] evm: security.SMACK64MMAP
[    0.248004] evm: security.apparmor
[    0.249845] evm: security.ima
[    0.252004] evm: security.capability
[    0.256322] clocksource: jiffies: mask: 0xffffffff max_cycles: 0xffffffff, max_idle_ns: 7645041785100000 ns
[    0.260027] futex hash table entries: 512 (order: 3, 32768 bytes)
[    0.264158] pinctrl core: initialized pinctrl subsystem
[    0.268350] RTC time: 16:12:36, date: 02/14/23
[    0.272794] NET: Registered protocol family 16
[    0.276095] audit: initializing netlink subsys (disabled)
[    0.279082] audit: type=2000 audit(1676391161.697:1): state=initialized audit_enabled=0 res=1
[    0.284007] cpuidle: using governor ladder
[    0.288008] cpuidle: using governor menu
[    0.290211] ACPI: bus type PCI registered
[    0.292003] acpiphp: ACPI Hot Plug PCI Controller Driver version: 0.5
[    0.296383] PCI: Using configuration type 1 for base access
[    0.304074] HugeTLB registered 2.00 MiB page size, pre-allocated 0 pages
[    0.308414] ACPI: Added _OSI(Module Device)
[    0.312083] ACPI: Added _OSI(Processor Device)
[    0.316013] ACPI: Added _OSI(3.0 _SCP Extensions)
[    0.318510] ACPI: Added _OSI(Processor Aggregator Device)
[    0.320005] ACPI: Added _OSI(Linux-Dell-Video)
[    0.324004] ACPI: Added _OSI(Linux-Lenovo-NV-HDMI-Audio)
[    0.328003] ACPI: Added _OSI(Linux-HPI-Hybrid-Graphics)
[    0.331377] ACPI: Executed 1 blocks of module-level executable AML code
[    0.338841] ACPI: Interpreter enabled
[    0.340014] ACPI: (supports S0 S5)
[    0.341984] ACPI: Using IOAPIC for interrupt routing
[    0.344412] PCI: Using host bridge windows from ACPI; if necessary, use "pci=nocrs" and report a bug
[    0.348199] ACPI: Enabled 2 GPEs in block 00 to 07
[    0.361089] ACPI: PCI Root Bridge [PCI0] (domain 0000 [bus 00-ff])
[    0.364013] acpi PNP0A03:00: _OSC: OS supports [ASPM ClockPM Segments MSI]
[    0.368221] acpi PNP0A03:00: _OSC: not requesting OS control; OS requires [ExtendedConfig ASPM ClockPM MSI]
[    0.372034] acpi PNP0A03:00: fail to add MMCONFIG information, can't access extended PCI configuration space under this bridge.
[    0.376595] PCI host bridge to bus 0000:00
[    0.380005] pci_bus 0000:00: root bus resource [io  0x0000-0x0cf7 window]
[    0.383486] pci_bus 0000:00: root bus resource [io  0x0d00-0xffff window]
[    0.384005] pci_bus 0000:00: root bus resource [mem 0x000a0000-0x000bffff window]
[    0.388004] pci_bus 0000:00: root bus resource [mem 0x40000000-0xfdffffff window]
[    0.392013] pci_bus 0000:00: root bus resource [bus 00-ff]
[    0.400000] pci 0000:00:01.1: legacy IDE quirk: reg 0x10: [io  0x01f0-0x01f7]
[    0.400010] pci 0000:00:01.1: legacy IDE quirk: reg 0x14: [io  0x03f6]
[    0.404007] pci 0000:00:01.1: legacy IDE quirk: reg 0x18: [io  0x0170-0x0177]
[    0.408006] pci 0000:00:01.1: legacy IDE quirk: reg 0x1c: [io  0x0376]
[    0.429495] pci 0000:00:07.0: quirk: [io  0x4000-0x403f] claimed by PIIX4 ACPI
[    0.432028] pci 0000:00:07.0: quirk: [io  0x4100-0x410f] claimed by PIIX4 SMB
[    0.444418] ACPI: PCI Interrupt Link [LNKA] (IRQs 5 9 10 *11)
[    0.447843] ACPI: PCI Interrupt Link [LNKB] (IRQs 5 9 *10 11)
[    0.448156] ACPI: PCI Interrupt Link [LNKC] (IRQs 5 *9 10 11)
[    0.452156] ACPI: PCI Interrupt Link [LNKD] (IRQs 5 9 10 *11)
[    0.456845] SCSI subsystem initialized
[    0.460186] pci 0000:00:02.0: vgaarb: setting as boot VGA device
[    0.463792] pci 0000:00:02.0: vgaarb: VGA device added: decodes=io+mem,owns=io+mem,locks=none
[    0.464010] pci 0000:00:02.0: vgaarb: bridge control possible
[    0.468005] vgaarb: loaded
[    0.472070] ACPI: bus type USB registered
[    0.474260] usbcore: registered new interface driver usbfs
[    0.476020] usbcore: registered new interface driver hub
[    0.480012] usbcore: registered new device driver usb
[    0.484087] EDAC MC: Ver: 3.0.0
[    0.488242] PCI: Using ACPI for IRQ routing
[    0.492088] NetLabel: Initializing
[    0.494038] NetLabel:  domain hash size = 128
[    0.496006] NetLabel:  protocols = UNLABELED CIPSOv4 CALIPSO
[    0.500027] NetLabel:  unlabeled traffic allowed by default
[    0.504191] clocksource: Switched to clocksource kvm-clock
[    0.525717] VFS: Disk quotas dquot_6.6.0
[    0.525717] VFS: Dquot-cache hash table entries: 512 (order 0, 4096 bytes)
[    0.525717] AppArmor: AppArmor Filesystem Enabled
[    0.525717] pnp: PnP ACPI init
[    0.525717] pnp: PnP ACPI: found 3 devices
[    0.581978] clocksource: acpi_pm: mask: 0xffffff max_cycles: 0xffffff, max_idle_ns: 2085701024 ns
[    0.584222] NET: Registered protocol family 2
[    0.584222] IP idents hash table entries: 16384 (order: 5, 131072 bytes)
[    0.593802] TCP established hash table entries: 8192 (order: 4, 65536 bytes)
[    0.598163] TCP bind hash table entries: 8192 (order: 5, 131072 bytes)
[    0.601903] TCP: Hash tables configured (established 8192 bind 8192)
[    0.605600] UDP hash table entries: 512 (order: 2, 16384 bytes)
[    0.605600] UDP-Lite hash table entries: 512 (order: 2, 16384 bytes)
[    0.605600] NET: Registered protocol family 1
[    0.605600] pci 0000:00:00.0: Limiting direct PCI/PCI transfers
[    0.605600] pci 0000:00:01.0: Activating ISA DMA hang workarounds
[    0.605600] pci 0000:00:02.0: Video device with shadowed ROM at [mem 0x000c0000-0x000dffff]
[    0.605600] Unpacking initramfs...
[    0.964530] Freeing initrd memory: 19532K
[    0.966741] clocksource: tsc: mask: 0xffffffffffffffff max_cycles: 0x2135f9f0f74, max_idle_ns: 440795301392 ns
[    0.971941] platform rtc_cmos: registered platform RTC device (no PNP device found)
[    0.976136] Scanning for low memory corruption every 60 seconds
[    0.980618] Initialise system trusted keyrings
[    0.983140] Key type blacklist registered
[    0.985790] workingset: timestamp_bits=36 max_order=18 bucket_order=0
[    0.990817] zbud: loaded
[    0.993106] squashfs: version 4.0 (2009/01/31) Phillip Lougher
[    0.996967] fuse init (API version 7.26)
[    1.018879] Key type asymmetric registered
[    1.021249] Asymmetric key parser 'x509' registered
[    1.024327] Block layer SCSI generic (bsg) driver version 0.4 loaded (major 246)
[    1.029249] io scheduler noop registered
[    1.031398] io scheduler deadline registered
[    1.033874] io scheduler cfq registered (default)
[    1.037040] ACPI: AC Adapter [AC] (on-line)
[    1.039169] input: Power Button as /devices/LNXSYSTM:00/LNXPWRBN:00/input/input0
[    1.043802] ACPI: Power Button [PWRF]
[    1.046641] input: Sleep Button as /devices/LNXSYSTM:00/LNXSLPBN:00/input/input1
[    1.051095] ACPI: Sleep Button [SLPF]
[    1.054976] ACPI: Battery Slot [BAT0] (battery present)
[    1.057345] Serial: 8250/16550 driver, 32 ports, IRQ sharing enabled
[    1.088662] 00:02: ttyS0 at I/O 0x3f8 (irq = 4, base_baud = 115200) is a 16550A
[    1.094362] Linux agpgart interface v0.103
[    1.100859] loop: module loaded
[    1.105107] scsi host0: ata_piix
[    1.108929] scsi host1: ata_piix
[    1.111325] ata1: PATA max UDMA/33 cmd 0x1f0 ctl 0x3f6 bmdma 0xd000 irq 14
[    1.115411] ata2: PATA max UDMA/33 cmd 0x170 ctl 0x376 bmdma 0xd008 irq 15
[    1.119655] tun: Universal TUN/TAP device driver, 1.6
[    1.123080] PPP generic driver version 2.4.2
[    1.126060] ehci_hcd: USB 2.0 'Enhanced' Host Controller (EHCI) Driver
[    1.129961] ehci-pci: EHCI PCI platform driver
[    1.132703] ehci-platform: EHCI generic platform driver
[    1.135727] ohci_hcd: USB 1.1 'Open' Host Controller (OHCI) Driver
[    1.139336] ohci-pci: OHCI PCI platform driver
[    1.142156] ohci-platform: OHCI generic platform driver
[    1.145512] uhci_hcd: USB Universal Host Controller Interface driver
[    1.149629] i8042: PNP: PS/2 Controller [PNP0303:PS2K,PNP0f03:PS2M] at 0x60,0x64 irq 1,12
[    1.156568] serio: i8042 KBD port at 0x60,0x64 irq 1
[    1.159508] serio: i8042 AUX port at 0x60,0x64 irq 12
[    1.162616] mousedev: PS/2 mouse device common for all mice
[    1.167372] input: AT Translated Set 2 keyboard as /devices/platform/i8042/serio0/input/input2
[    1.173161] rtc_cmos rtc_cmos: rtc core: registered rtc_cmos as rtc0
[    1.177152] rtc_cmos rtc_cmos: alarms up to one day, 114 bytes nvram
[    1.180321] i2c /dev entries driver
[    1.182374] device-mapper: uevent: version 1.0.3
[    1.185480] device-mapper: ioctl: 4.37.0-ioctl (2017-09-20) initialised: dm-devel@redhat.com
[    1.190332] ledtrig-cpu: registered to indicate activity on CPUs
[    1.195069] NET: Registered protocol family 10
[    1.203901] Segment Routing with IPv6
[    1.205949] NET: Registered protocol family 17
[    1.209377] Key type dns_resolver registered
[    1.212664] mce: Using 0 MCE banks
[    1.214493] RAS: Correctable Errors collector initialized.
[    1.217535] sched_clock: Marking stable (1217468272, 0)->(1652558839, -435090567)
[    1.223739] registered taskstats version 1
[    1.226433] Loading compiled-in X.509 certificates
[    1.232159] Loaded X.509 cert 'Build time autogenerated kernel key: f114f3958ed3c37ba1924ca66ae8368f3c35b0e4'
[    1.237886] Loaded X.509 cert 'Canonical Ltd. Live Patch Signing: 14df34d1a87cf37625abec039ef2bf521249b969'
[    1.243568] Loaded X.509 cert 'Canonical Ltd. Kernel Module Signing: 88f752e560a1e0737e31163a466ad7b70a850c19'
[    1.249223] blacklist: Loading compiled-in revocation X.509 certificates
[    1.253073] Loaded X.509 cert 'Canonical Ltd. Secure Boot Signing: 61482aa2830d0ab2ad5af10b7250da9033ddcef0'
[    1.258222] zswap: loaded using pool lzo/zbud
[    1.267516] Key type big_key registered
[    1.269657] Key type trusted registered
[    1.274470] Key type encrypted registered
[    1.280238] AppArmor: AppArmor sha1 policy hashing enabled
[    1.283403] ima: No TPM chip found, activating TPM-bypass! (rc=-19)
[    1.287213] ima: Allocated hash algorithm: sha1
[    1.290066] evm: HMAC attrs: 0x1
[    1.292990]   Magic number: 11:890:236
[    1.296067] rtc_cmos rtc_cmos: hash matches
[    1.320723] rtc_cmos rtc_cmos: setting system clock to 2023-02-14 16:12:37 UTC (1676391157)
[    1.326100] BIOS EDD facility v0.16 2004-Jun-25, 0 devices found
[    1.329618] EDD information not available.
[    1.334520] Freeing unused kernel image memory: 2472K
[    1.352410] Write protecting the kernel read-only data: 20480k
[    1.356936] Freeing unused kernel image memory: 2008K
[    1.360217] Freeing unused kernel image memory: 1824K
[    1.366940] x86/mm: Checked W+X mappings: passed, no W+X pages found.
Loading, please wait...
starting version 237
[    1.428644] Fusion MPT base driver 3.04.20
[    1.431488] Copyright (c) 1999-2008 LSI Corporation
[    1.435100] e1000: Intel(R) PRO/1000 Network Driver - version 7.3.21-k8-NAPI
[    1.440190] e1000: Copyright (c) 1999-2006 Intel Corporation.
[    1.446993] Fusion MPT SPI Host driver 3.04.20
[    1.461207] mptbase: ioc0: Initiating bringup
[    1.569371] ioc0: LSI53C1030 A0: Capabilities={Initiator}
[    1.670280] input: ImExPS/2 Generic Explorer Mouse as /devices/platform/i8042/serio1/input/input4
[    1.826305] scsi host2: ioc0: LSI53C1030 A0, FwRev=00000000h, Ports=1, MaxQ=256, IRQ=20
[    1.998089] scsi 2:0:0:0: Direct-Access     VBOX     HARDDISK         1.0  PQ: 0 ANSI: 5
[    2.039050] scsi target2:0:0: Beginning Domain Validation
[    2.046106] scsi target2:0:0: Domain Validation skipping write tests
[    2.050069] scsi target2:0:0: Ending Domain Validation
[    2.053533] scsi target2:0:0: asynchronous
[    2.057698] scsi 2:0:1:0: Direct-Access     VBOX     HARDDISK         1.0  PQ: 0 ANSI: 5
[    2.416198] scsi target2:0:1: Beginning Domain Validation
[    2.424813] scsi target2:0:1: Domain Validation skipping write tests
[    2.428909] scsi target2:0:1: Ending Domain Validation
[    2.432340] scsi target2:0:1: asynchronous
[    2.442900] sd 2:0:0:0: [sda] 83886080 512-byte logical blocks: (42.9 GB/40.0 GiB)
[    2.447877] sd 2:0:0:0: [sda] Write Protect is off
[    2.451184] sd 2:0:0:0: Attached scsi generic sg0 type 0
[    2.455250] sd 2:0:0:0: [sda] Incomplete mode parameter data
[    2.459015] sd 2:0:0:0: [sda] Assuming drive cache: write through
[    2.463950] sd 2:0:1:0: [sdb] 20480 512-byte logical blocks: (10.5 MB/10.0 MiB)
[    2.468561] sd 2:0:1:0: [sdb] Write Protect is off
[    2.471178] sd 2:0:1:0: Attached scsi generic sg1 type 0
[    2.474506] sd 2:0:1:0: [sdb] Incomplete mode parameter data
[    2.477754] sd 2:0:1:0: [sdb] Assuming drive cache: write through
[    2.484323]  sda: sda1
[    2.488743] sd 2:0:0:0: [sda] Attached SCSI disk
[    2.492370] sd 2:0:1:0: [sdb] Attached SCSI disk
[    2.547912] e1000 0000:00:03.0 eth0: (PCI:33MHz:32-bit) 02:47:43:72:71:6b
[    2.553531] e1000 0000:00:03.0 eth0: Intel(R) PRO/1000 Network Connection
[    3.078564] e1000 0000:00:08.0 eth1: (PCI:33MHz:32-bit) 08:00:27:11:b9:4a
[    3.082867] e1000 0000:00:08.0 eth1: Intel(R) PRO/1000 Network Connection
[    3.088842] e1000 0000:00:08.0 enp0s8: renamed from eth1
[    3.113220] e1000 0000:00:03.0 enp0s3: renamed from eth0
Begin: Loading essential drivers ... [    5.732161] raid6: sse2x1   gen() 278749 MB/s
[    6.734069] raid6: sse2x1   xor() 244686 MB/s
[    7.731111] raid6: sse2x2   gen() 496227 MB/s
[    8.728205] raid6: sse2x2   xor() 333204 MB/s
[   10.723817] raid6: sse2x4   gen() 511935 MB/s
[   10.789922] raid6: sse2x4   xor() 15322 MB/s
[   10.793172] raid6: using algorithm sse2x4 gen() 511935 MB/s
[   10.797113] raid6: .... xor() 15322 MB/s, rmw enabled
[   10.800289] raid6: using ssse3x2 recovery algorithm
[   10.805128] xor: measuring software checksum speed
[   10.844444]    prefetch64-sse: 27704.000 MB/sec
[   10.884253]    generic_sse: 24809.000 MB/sec
[   10.886937] xor: using function: prefetch64-sse (27704.000 MB/sec)
[   10.892820] async_tx: api initialized (async)
done.
Begin: Running /scripts/init-premount ... done.
Begin: Mounting root file system ... Begin: Running /scripts/local-top ... done.
Begin: Running /scripts/local-premount ... [   10.943701] Btrfs loaded, crc32c=crc32c-intel
Scanning for Btrfs filesystems
done.
Warning: fsck not present, so skipping root file system
[   10.999411] EXT4-fs (sda1): mounted filesystem with ordered data mode. Opts: (null)
done.
Begin: Running /scripts/local-bottom ... done.
Begin: Running /scripts/init-bottom ... done.
[   11.166103] ip_tables: (C) 2000-2006 Netfilter Core Team
[   11.180754] systemd[1]: systemd 237 running in system mode. (+PAM +AUDIT +SELINUX +IMA +APPARMOR +SMACK +SYSVINIT +UTMP +LIBCRYPTSETUP +GCRYPT +GNUTLS +ACL +XZ +LZ4 +SECCOMP +BLKID +ELFUTILS +KMOD -IDN2 +IDN -PCRE2 default-hierarchy=hybrid)
[   11.191320] systemd[1]: Detected virtualization oracle.
[   11.194136] systemd[1]: Detected architecture x86-64.

Welcome to [1mUbuntu 18.04.6 LTS[0m!

[   11.231840] systemd[1]: Set hostname to <ubuntu>.
[   11.239338] random: systemd: uninitialized urandom read (16 bytes read)
[   11.242934] systemd[1]: Initializing machine ID from random generator.
[   11.246320] systemd[1]: Installed transient /etc/machine-id file.
[   11.476219] random: systemd: uninitialized urandom read (16 bytes read)
[   11.480230] systemd[1]: Reached target Swap.
[[0;32m  OK  [0m] Reached target Swap.
[   11.483812] random: systemd: uninitialized urandom read (16 bytes read)
[   11.487457] systemd[1]: Reached target Mounting snaps.
[[0;32m  OK  [0m] Reached target Mounting snaps.
[   11.491933] systemd[1]: Reached target Mounted snaps.
[[0;32m  OK  [0m] Reached target Mounted snaps.
[   11.496795] systemd[1]: Started Forward Password Requests to Wall Directory Watch.
[[0;32m  OK  [0m] Started Forward Password Requests to Wall Directory Watch.
[[0;32m  OK  [0m] Created slice System Slice.
[[0;32m  OK  [0m] Listening on LVM2 metadata daemon socket.
[[0;32m  OK  [0m] Listening on Journal Audit Socket.
[[0;32m  OK  [0m] Listening on Device-mapper event daemon FIFOs.
[[0;32m  OK  [0m] Listening on udev Kernel Socket.
[[0;32m  OK  [0m] Listening on udev Control Socket.
[[0;32m  OK  [0m] Created slice system-serial\x2dgetty.slice.
[[0;32m  OK  [0m] Listening on Syslog Socket.
[[0;32m  OK  [0m] Listening on /dev/initctl Compatibility Named Pipe.
[[0;32m  OK  [0m] Created slice User and Session Slice.
[[0;32m  OK  [0m] Reached target Slices.
[[0;32m  OK  [0m] Reached target User and Group Name Lookups.
[[0;32m  OK  [0m] Listening on LVM2 poll daemon socket.
[[0;32m  OK  [0m] Listening on Journal Socket (/dev/log).
[[0;32m  OK  [0m] Set up automount Arbitrary Executabâ€¦rmats File System Automount Point.
[[0;32m  OK  [0m] Listening on Journal Socket.
         Starting udev Coldplug all Devices...
         Starting Set the console keyboard layout...
         Mounting Huge Pages File System...
         Starting Monitoring of LVM2 mirrorsâ€¦ng dmeventd or progress polling...
         Starting Journal Service...
         Starting Load Kernel Modules...
         Starting Uncomplicated firewall...
         Mounting Kernel Debug File System...
         Mounting POSIX Message Queue File System...
[[0;32m  OK  [0m] Listening on fsck to fsckd communication Socket.
         Starting File System Check on Root Device...
         Starting Create list of required stâ€¦ce nodes for the current kernel...
[[0;32m  OK  [0m] Listening on Network Service Netlink Socket.
[[0;32m  OK  [0m] Reached target System Time Synchronized.
[[0;32m  OK  [0m] Mounted Huge Pages File System.
[[0;32m  OK  [0m] Mounted Kernel Debug File System.
[[0;32m  OK  [0m] Started Journal Service.
[   11.642297] Loading iSCSI transport class v2.0-870.
[[0;32m  OK  [0m] Mounted POSIX Message Queue File System.
[[0;32m  OK  [0m] Started LVM2 metadata daemon.
[[0;32m  OK  [0m] Started Uncomplicated firewall.
[[0;32m  OK  [0m] Started File System Check Daemon to report status.
[[0;32m  OK  [0m] Started Create list of required staâ€¦vice nodes for the current kernel.
[[0;32m  OK  [0m] Started udev Coldplug all Devices.
         Starting Create Static Device Nodes in /dev...
[   11.693224] iscsi: registered transport (tcp)
[   11.712116] iscsi: registered transport (iser)
[[0;32m  OK  [0m] Started Load Kernel Modules.
         Mounting Kernel Configuration File System...
         Starting Apply Kernel Variables...
         Mounting FUSE Control File System...
[[0;32m  OK  [0m] Mounted Kernel Configuration File System.
[[0;32m  OK  [0m] Mounted FUSE Control File System.
[[0;32m  OK  [0m] Started Create Static Device Nodes in /dev.
[[0;32m  OK  [0m] Started Monitoring of LVM2 mirrors,â€¦sing dmeventd or progress polling.
[[0;32m  OK  [0m] Started File System Check on Root Device.
         Starting Remount Root and Kernel File Systems...
[[0;32m  OK  [0m] Started Apply Kernel Variables.
[[0;32m  OK  [0m] Started Remount Root and Kernel File Systems.
         Starting Load/Save Random Seed...
         Starting udev Kernel Device Manager...
         Starting Flush Journal to Persistent Storage...
[[0;32m  OK  [0m] Started Load/Save Random Seed.
[[0;32m  OK  [0m] Started udev Kernel Device Manager.
[[0;32m  OK  [0m] Started Flush Journal to Persistent Storage.
[[0;32m  OK  [0m] Started Set the console keyboard layout.
[[0;32m  OK  [0m] Started Dispatch Password Requests to Console Directory Watch.
[[0;32m  OK  [0m] Reached target Local Encrypted Volumes.
[[0;32m  OK  [0m] Reached target Local File Systems (Pre).
[[0;32m  OK  [0m] Reached target Local File Systems.
         Starting Tell Plymouth To Write Out Runtime Data...
         Starting Set console font and keymap...
         Starting Create Volatile Files and Directories...
         Starting AppArmor initialization...
         Starting ebtables ruleset management...
         Starting Commit a transient machine-id on disk...
[[0;32m  OK  [0m] Found device /dev/ttyS0.
[[0;32m  OK  [0m] Started Tell Plymouth To Write Out Runtime Data.
[[0;32m  OK  [0m] Started Create Volatile Files and Directories.
         Starting Update UTMP about System Boot/Shutdown...
[[0;32m  OK  [0m] Listening on Load/Save RF Kill Switch Status /dev/rfkill Watch.
[[0;32m  OK  [0m] Started Update UTMP about System Boot/Shutdown.
[[0;32m  OK  [0m] Started Commit a transient machine-id on disk.
[[0;32m  OK  [0m] Started ebtables ruleset management.
         Mounting Arbitrary Executable File Formats File System...
[[0;32m  OK  [0m] Mounted Arbitrary Executable File Formats File System.
[[0;32m  OK  [0m] Started AppArmor initialization.
         Starting Initial cloud-init job (pre-networking)...
         Starting Load AppArmor profiles managed internally by snapd...
[[0;32m  OK  [0m] Started Load AppArmor profiles managed internally by snapd.
[[0;32m  OK  [0m] Started Set console font and keymap.
[   15.441154] cloud-init[739]: Cloud-init v. 22.4.2-0ubuntu0~18.04.1 running 'init-local' at Tue, 14 Feb 2023 16:12:51 +0000. Up 15.16 seconds.
[[0;32m  OK  [0m] Started Initial cloud-init job (pre-networking).
[[0;32m  OK  [0m] Reached target Network (Pre).
         Starting Network Service...
[[0;32m  OK  [0m] Started Network Service.
         Starting Network Name Resolution...
         Starting Wait for Network to be Configured...
[[0;32m  OK  [0m] Started Network Name Resolution.
[[0;32m  OK  [0m] Reached target Host and Network Name Lookups.
[[0;32m  OK  [0m] Reached target Network.
[[0;32m  OK  [0m] Started Wait for Network to be Configured.
         Starting Initial cloud-init job (metadata service crawler)...
[   17.604680] cloud-init[918]: Cloud-init v. 22.4.2-0ubuntu0~18.04.1 running 'init' at Tue, 14 Feb 2023 16:12:53 +0000. Up 17.49 seconds.
[   17.609565] cloud-init[918]: ci-info: ++++++++++++++++++++++++++++++++++++++Net device info+++++++++++++++++++++++++++++++++++++++
[   17.614246] cloud-init[918]: ci-info: +--------+-------+----------------------------+---------------+--------+-------------------+
[   17.618859] cloud-init[918]: ci-info: | Device |   Up  |          Address           |      Mask     | Scope  |     Hw-Address    |
[   17.624551] cloud-init[918]: ci-info: +--------+-------+----------------------------+---------------+--------+-------------------+
[   17.629499] cloud-init[918]: ci-info: | enp0s3 |  True |         10.0.2.15          | 255.255.255.0 | global | 02:47:43:72:71:6b |
[   17.635372] cloud-init[918]: ci-info: | enp0s3 |  True | fe80::47:43ff:fe72:716b/64 |       .       |  link  | 02:47:43:72:71:6b |
[   17.640426] cloud-init[918]: ci-info: | enp0s8 | False |             .              |       .       |   .    | 08:00:27:11:b9:4a |
[   17.645192] cloud-init[918]: ci-info: |   lo   |  True |         127.0.0.1          |   255.0.0.0   |  host  |         .         |
[   17.650055] cloud-init[918]: ci-info: |   lo   |  True |          ::1/128           |       .       |  host  |         .         |
[   17.654621] cloud-init[918]: ci-info: +--------+-------+----------------------------+---------------+--------+-------------------+
[   17.659980] cloud-init[918]: ci-info: ++++++++++++++++++++++++++++Route IPv4 info+++++++++++++++++++++++++++++
[   17.664125] cloud-init[918]: ci-info: +-------+-------------+----------+-----------------+-----------+-------+
[   17.668649] cloud-init[918]: ci-info: | Route | Destination | Gateway  |     Genmask     | Interface | Flags |
[   17.673159] cloud-init[918]: ci-info: +-------+-------------+----------+-----------------+-----------+-------+
[   17.678194] cloud-init[918]: ci-info: |   0   |   0.0.0.0   | 10.0.2.2 |     0.0.0.0     |   enp0s3  |   UG  |
[   17.682108] cloud-init[918]: ci-info: |   1   |   10.0.2.0  | 0.0.0.0  |  255.255.255.0  |   enp0s3  |   U   |
[   17.686184] cloud-init[918]: ci-info: |   2   |   10.0.2.2  | 0.0.0.0  | 255.255.255.255 |   enp0s3  |   UH  |
[   17.690279] cloud-init[918]: ci-info: +-------+-------------+----------+-----------------+-----------+-------+
[   17.695970] cloud-init[918]: ci-info: +++++++++++++++++++Route IPv6 info+++++++++++++++++++
[   17.701155] cloud-init[918]: ci-info: +-------+-------------+---------+-----------+-------+
[   17.705042] cloud-init[918]: ci-info: | Route | Destination | Gateway | Interface | Flags |
[   17.709034] cloud-init[918]: ci-info: +-------+-------------+---------+-----------+-------+
[   17.713296] cloud-init[918]: ci-info: |   1   |  fe80::/64  |    ::   |   enp0s3  |   U   |
[   17.717767] cloud-init[918]: ci-info: |   3   |    local    |    ::   |   enp0s3  |   U   |
[   17.722147] cloud-init[918]: ci-info: |   4   |   ff00::/8  |    ::   |   enp0s3  |   U   |
[   17.728735] cloud-init[918]: ci-info: +-------+-------------+---------+-----------+-------+
[   18.250332] cloud-init[918]: Generating public/private rsa key pair.
[   18.253987] cloud-init[918]: Your identification has been saved in /etc/ssh/ssh_host_rsa_key.
[   18.258042] cloud-init[918]: Your public key has been saved in /etc/ssh/ssh_host_rsa_key.pub.
[   18.261968] cloud-init[918]: The key fingerprint is:
[   18.265494] cloud-init[918]: SHA256:16GF6f8wYgkX31eTMpuFkA6sA2wy9sUtzqgCV23zrVU root@ubuntu-bionic
[   18.269734] cloud-init[918]: The key's randomart image is:
[   18.273072] cloud-init[918]: +---[RSA 2048]----+
[   18.276049] cloud-init[918]: |    ... o  ..    |
[   18.279073] cloud-init[918]: |   +.+++ + +E . .|
[   18.282498] cloud-init[918]: |  ..=.*oo.*.o+ +.|
[   18.285878] cloud-init[918]: |. .  o =..oB o* o|
[   18.289217] cloud-init[918]: |..  .   So= oo. .|
[   18.292646] cloud-init[918]: [[0;32m  OK  [0m] Started Initial cloud-init job (metadata service crawler).
[[0;32m  OK  [0m] Reached target System Initialization.
[[0;32m  OK  [0m] Listening on cloud-init hotplug hook socket.
[[0;32m  OK  [0m] Listening on UUID daemon activation socket.
[[0;32m  OK  [0m] Started Ubuntu Advantage Timer for running repeated jobs.
[[0;32m  OK  [0m] Listening on ACPID Listen Socket.
[[0;32m  OK  [0m] Listening on D-Bus System Message Bus Socket.
| . .    .+ o   . |
[[0;32m  OK  [0m] Started ACPI Events Check.
[[0;32m  OK  [0m] Reached target Paths.
[   18.305778] [[0;32m  OK  [0m] Started Message of the Day.
[[0;32m  OK  [0m] Listening on Open-iSCSI iscsid Socket.
[[0;32m  OK  [0m] Started Daily Cleanup of Temporary Directories.
         Starting Socket activation for snappy daemon.
[[0;32m  OK  [0m] Started Daily apt download activities.
[[0;32m  OK  [0m] Started Daily apt upgrade and clean activities.
[[0;32m  OK  [0m] Started Discard unused blocks once a week.
[[0;32m  OK  [0m] Reached target Timers.
         Starting LXD - unix socket.
[[0;32m  OK  [0m] Reached target Network is Online.
[[0;32m  OK  [0m] Reached target Remote File Systems (Pre).
[[0;32m  OK  [0m] Reached target Remote File Systems.
         Starting Availability of block devices...
[[0;32m  OK  [0m] Reached target Cloud-config availability.
[[0;32m  OK  [0m] Listening on LXD - unix socket.
[[0;32m  OK  [0m] Listening on Socket activation for snappy daemon.
[[0;32m  OK  [0m] Reached target Sockets.
[[0;32m  OK  [0m] Reached target Basic System.
         Starting Pollinate to seed the pseudo random number generator...
         Starting System Logging Service...
[[0;32m  OK  [0m] Reached target Login Prompts (Pre).
         Starting Virtualbox guest utils...
[[0;32m  OK  [0m] Started irqbalance daemon.
[[0;32m  OK  [0m] Started D-Bus System Message Bus.
cloud-init[918]: |  .       + +    |
[   18.339799] cloud-init[918]: |         . . +   |
[   18.343289] cloud-init[918]: |              .  |
[   18.347293] cloud-init[918]: +----[SHA256]-----+
[   18.350544] cloud-init[918]: Generating public/private dsa key pair.
[   18.355057] cloud-init[918]: Your identification has been saved in /etc/ssh/ssh_host_dsa_key.
[   18.359470] cloud-init[918]: Your public key has been saved in /etc/ssh/ssh_host_dsa_key.pub.
[   18.363828] cloud-init[918]: The key fingerprint is:
         Starting Login Service...
[   18.376445] cloud-init[918]: SHA256:tVqMveKjw1QEYtBmNEDbwJoSZVtND9n/IqSwgKebvBg root@ubuntu-bionic
[   18.383611] cloud-init[918]: The key's randomart image is:
[   18.387081] cloud-init[918]: +---[DSA 1024]----+
[   18.390969] cloud-init[918]: | +B=*o++         |
[   18.395060] cloud-init[918]: |...B+oooo        |
[   18.402609] cloud-init[918]: | =oo.  ....      |
[   18.413218] cloud-init[918]: |= o .   o=..     |
[   18.416785] cloud-init[918]: |.o . o +S =.     |
[   18.419649] cloud-init[918]: |.   . o .o...    |
[   18.420948] cloud-init[918]: |Eo   o  o...     |
[   18.422129] cloud-init[918]: |+o    o...       |
[   18.423350] cloud-init[918]: |...   .o..       |
[   18.424501] cloud-init[918]: +----[SHA256]-----+
[   18.425592] cloud-init[918]: Generating public/private ecdsa key pair.
[   18.427435] cloud-init[918]: Your identification has been saved in /etc/ssh/ssh_host_ecdsa_key.
[   18.429621] cloud-init[918]: Your public key has been saved in /etc/ssh/ssh_host_ecdsa_key.pub.
[   18.431582] cloud-init[918]: The key fingerprint is:
[[0;32m  OK  [0m] Started Regular background program processing daemon.
[   18.435788] [[0;32m  OK  [0m] Started Deferred execution scheduler.
         Starting Permit User Sessions...
[[0;32m  OK  [0m] Started FUSE filesystem for LXC.
         Starting LSB: automatic crash report generation...
cloud-init         Starting LXD - container startup/shutdown...
         Starting Accounts Service...
[918]: SHA256:70BTJHsQVdKlOGJvQt94fv5y6kbAwzS8tASgtokPPCs root@ubuntu-bionic
[   18.453826] cloud-init[918]: The key's randomart image is:
[   18.460520] cloud-init[918]: +---[ECDSA 256]---+
[   18.464379] cloud-init[918]: |        =+==...  |
[   18.467669] cloud-init[918]: |       . = oB.   |
[   18.471142]          Starting LSB: Record successful boot for GRUB...
cloud-init[918]: |      o = =*.+   |
[   18.477550] cloud-init[918]: |   . o = * +B    |
[   18.480994] cloud-init[918]: |    = o S = oo   |
[   18.484452] cloud-init[918]: |     = . = o  .  |
[   18.487379] cloud-init[918]: |  E . . . . ...  |
[   18.492456] cloud-init[918]: |   .     o   oo .|
[   18.496158] cloud-init[918]: |          .  o+=.|
[   18.505057] cloud-init[918]: +----[SHA256]-----+
[   18.508341] cloud-init[918]: Generating public/private ed25519 key pair.
[   18.511566] cloud-init[918]: Your identification has been saved in /etc/ssh/ssh_host_ed25519_key.
[   18.515444] cloud-init[918]: Your public key has been saved in /etc/ssh/ssh_host_ed25519_key.pub.
[   18.519983] cloud-init[918]: The key fingerprint is:
[   18.523387] cloud-init[918]: SHA256:hP4e6Beo4bPav+bcKd73QlCu/VnCgcSqKk8QcTcV/9A root@ubuntu-bionic
[   18.527083] cloud-init[918]: The key's randomart image is:
[   18.531386] cloud-init[918]: +--[ED25519 256]--+
[   18.537245] cloud-init[918]: |  . . o.oo       |
[   18.544411] cloud-init[918]: |   o . o .+.     |
[   18.548692] cloud-init[918]: |  .   . .=o.E    |
[   18.551854]          Starting Dispatcher daemon for systemd-networkd...
         Starting Snap Daemon...
[[0;32m  OK  [0m] Started System Logging Service.
[[0;32m  OK  [0m] Started Availability of block devices.
[[0;32m  OK  [0m] Started Permit User Sessions.
cloud-init[918]: |   . . .o oo.    |         Starting Terminate Plymouth Boot Screen...
         Starting Hold until boot process finishes up...

[   18.572849] cloud-init[918]: [[0;32m  OK  [0m] Started Hold until boot process finishes up.
[[0;32m  OK  [0m] Started Login Service.
[[0;32m  OK  [0m] Started Unattended Upgrades Shutdown.
         Starting Set console scheme...
[[0;32m  OK  [0m] Started Serial Getty on ttyS0.
[[0;32m  OK  [0m] Started Terminate Plymouth Boot Screen.
|  .   .oS+ ...   |
[   18.591030] cloud-init[918]: |   .. ooo o o .  |
[   18.594375] cloud-init[918]: |   ..+. oo . +   |
[   18.597866] cloud-init[918]: |  .o=oo+.oo o    |
[   18.602675] cloud-init[918]: |  .++BB+=. o.    |
[   18.609599] cloud-init[918]: +----[SHA256]-----+
[[0;32m  OK  [0m] Started Set console scheme.
[[0;32m  OK  [0m] Created slice system-getty.slice.
[[0;32m  OK  [0m] Started Getty on tty1.
[[0;32m  OK  [0m] Reached target Login Prompts.
[[0;32m  OK  [0m] Started LSB: automatic crash report generation.
         Starting Authorization Manager...
[[0;32m  OK  [0m] Started Virtualbox guest utils.
[[0;32m  OK  [0m] Started LSB: Record successful boot for GRUB.
[[0;32m  OK  [0m] Started Authorization Manager.
[[0;32m  OK  [0m] Started Accounts Service.
[[0;32m  OK  [0m] Started LXD - container startup/shutdown.
[[0;32m  OK  [0m] Started Dispatcher daemon for systemd-networkd.
[[0;32m  OK  [0m] Started Snap Daemon.
         Starting Wait until snapd is fully seeded...
[[0;32m  OK  [0m] Started Pollinate to seed the pseudo random number generator.
         Starting OpenBSD Secure Shell server...
[[0;32m  OK  [0m] Started OpenBSD Secure Shell server.
[[0;32m  OK  [0m] Created slice User Slice of vagrant.
         Starting User Manager for UID 1000...
[[0;32m  OK  [0m] Started Session 1 of user vagrant.
[[0;32m  OK  [0m] Started User Manager for UID 1000.
         Starting Time & Date Service...
[[0;32m  OK  [0m] Started Time & Date Service.
[[0;32m  OK  [0m] Started Wait until snapd is fully seeded.
         Starting Apply the settings specified in cloud-config...
[   22.385750] cloud-init[1521]: Cloud-init v. 22.4.2-0ubuntu0~18.04.1 running 'modules:config' at Tue, 14 Feb 2023 16:12:58 +0000. Up 21.97 seconds.
[[0;32m  OK  [0m] Started Apply the settings specified in cloud-config.
[[0;32m  OK  [0m] Reached target Multi-User System.
[[0;32m  OK  [0m] Reached target Graphical Interface.
         Starting Execute cloud user/final scripts...
         Starting Update UTMP about System Runlevel Changes...
[[0;32m  OK  [0m] Started Update UTMP about System Runlevel Changes.
ci-info: no authorized SSH keys fingerprints found for user ubuntu.
<14>Feb 14 16:12:59 cloud-init: #############################################################
<14>Feb 14 16:12:59 cloud-init: -----BEGIN SSH HOST KEY FINGERPRINTS-----
<14>Feb 14 16:12:59 cloud-init: 1024 SHA256:tVqMveKjw1QEYtBmNEDbwJoSZVtND9n/IqSwgKebvBg root@ubuntu-bionic (DSA)
<14>Feb 14 16:12:59 cloud-init: 256 SHA256:70BTJHsQVdKlOGJvQt94fv5y6kbAwzS8tASgtokPPCs root@ubuntu-bionic (ECDSA)
<14>Feb 14 16:12:59 cloud-init: 256 SHA256:hP4e6Beo4bPav+bcKd73QlCu/VnCgcSqKk8QcTcV/9A root@ubuntu-bionic (ED25519)
<14>Feb 14 16:12:59 cloud-init: 2048 SHA256:16GF6f8wYgkX31eTMpuFkA6sA2wy9sUtzqgCV23zrVU root@ubuntu-bionic (RSA)
<14>Feb 14 16:12:59 cloud-init: -----END SSH HOST KEY FINGERPRINTS-----
<14>Feb 14 16:12:59 cloud-init: #############################################################
-----BEGIN SSH HOST KEY KEYS-----
ecdsa-sha2-nistp256 AAAAE2VjZHNhLXNoYTItbmlzdHAyNTYAAAAIbmlzdHAyNTYAAABBBKHaOJJSM5dplMXVAzH7JKVFyMIB/9JZC5uNEKsMsKxak2abm1dQM309hHMuEC3Bh2Ul2Ef/de/kF/Emhvh4M5s= root@ubuntu-bionic
ssh-ed25519 AAAAC3NzaC1lZDI1NTE5AAAAIG1EpCAivz7dhz8594VIrEgt9AP1lDpmHFpm8gB7mxk/ root@ubuntu-bionic
ssh-rsa AAAAB3NzaC1yc2EAAAADAQABAAABAQCxnFdrQaQJFzAeHTfWgSzwLKu27UUFusfngY/vbYUmUt0QSdnTwvfHSdiug+S2IukJi3su51pGiJz9oBTLpEYRunZeeCz+zcnDRQuN4TP0cjrhzaI80d2zOX21FsNrsbWyYSdXHa4oFr+hPAM46QCQ8GwzU2TRg1nxdfqO6NGLZUXstv/+vcxJwY930BbQpskIALKd7mGE/eD+gaH16VR8QpjT+MPZJtE66F6A4eOo+1yBVznecaSZCI7CKuQpXAKbeCwEBGCWyVkKZOqgkAQeMa4fXqqlMtg+UG16G8oTA0dJ+mboXsgGVxiTuaK04vR74qyih+Rn4D4rona6DqTH root@ubuntu-bionic
-----END SSH HOST KEY KEYS-----
[   23.013089] cloud-init[1618]: Cloud-init v. 22.4.2-0ubuntu0~18.04.1 running 'modules:final' at Tue, 14 Feb 2023 16:12:59 +0000. Up 22.83 seconds.
[   23.016104] cloud-init[1618]: Cloud-init v. 22.4.2-0ubuntu0~18.04.1 finished at Tue, 14 Feb 2023 16:12:59 +0000. Datasource DataSourceNoCloud [seed=/dev/sdb][dsmode=net].  Up 23.00 seconds
[[0;32m  OK  [0m] Started Execute cloud user/final scripts.
[[0;32m  OK  [0m] Reached target Cloud-init target.

Ubuntu 18.04.6 LTS ubuntu-bionic ttyS0

ubuntu-bionic login: 